============================================================
  Generated by:           Genus(TM) Synthesis Solution 21.10-p002_1
  Generated on:           Aug 06 2026  05:45:24 pm
  Module:                 freq_diff_estimator
  Technology library:     typical 1.1
  Operating conditions:   typical (balanced_tree)
  Wireload mode:          enclosed
  Area mode:              timing library
============================================================


 Clock Description
 ----------------- 

 Clock                                 Clock   Source     No of   
 Name     Period    Rise     Fall      Domain Pin/Port  Registers 
------------------------------------------------------------------
 clk     7629394.5   0.0   3814697.2   sysclk   clk            26 

 Clock Network Latency / Setup Uncertainty
 ----------------------------------------- 

        Network   Network   Source   Source     Setup        Setup    
Clock   Latency   Latency  Latency  Latency  Uncertainty  Uncertainty 
 Name    Rise      Fall      Rise     Fall       Rise         Fall    
----------------------------------------------------------------------
clk         0.0       0.0      0.0      0.0          0.0          0.0 

 Clock Relationship (with uncertainty & latency)
 ----------------------------------------------- 

  From    To      R->R        R->F        F->R        F->F   
-------------------------------------------------------------
  clk    clk   7629394.5   3814697.2   3814697.3   7629394.6 
