============================================================
  Generated by:           Genus(TM) Synthesis Solution 21.10-p002_1
  Generated on:           Aug 06 2026  05:50:56 pm
  Module:                 freq_diff_estimator
  Operating conditions:   typical (balanced_tree)
  Wireload mode:          enclosed
  Area mode:              timing library
============================================================

                                
   Gate    Instances    Area      Library  
-------------------------------------------
ADDFX2           141   9849.471    typical 
ADDHXL            22    804.989    typical 
AND2X1            41    545.530    typical 
AND2X2            10    133.056    typical 
AND3X1             4     66.528    typical 
AOI211XL          22    365.904    typical 
AOI21X1            1     13.306    typical 
AOI21XL           44    585.446    typical 
AOI221XL          11    256.133    typical 
AOI22X1           26    432.432    typical 
AOI22XL          474   7883.568    typical 
AOI2BB1XL          2     33.264    typical 
AOI2BB2X1          7    162.994    typical 
AOI2BB2XL         24    558.835    typical 
AOI31XL           22    365.904    typical 
AOI32XL           10    232.848    typical 
CMPR42X1         187  21149.252    typical 
DFFRHQX1          24   1676.506    typical 
INVX1            220   1463.616    typical 
INVXL             61    405.821    typical 
MXI2X1            45   1047.816    typical 
MXI2XL            44   1024.531    typical 
NAND2BX1           4     53.222    typical 
NAND2BXL           5     66.528    typical 
NAND2XL          272   2714.342    typical 
NAND3BXL          14    232.848    typical 
NAND3XL            5     66.528    typical 
NOR2BX1            2     26.611    typical 
NOR2BXL           22    292.723    typical 
NOR2X1             6     59.875    typical 
NOR2XL           236   2355.091    typical 
NOR3XL             8    106.445    typical 
OAI211XL          16    319.334    typical 
OAI21XL          159   2115.590    typical 
OAI221XL          49   1140.955    typical 
OAI222XL           7    186.278    typical 
OAI22X1            1     19.958    typical 
OAI22XL          371   7404.567    typical 
OAI2BB1XL         50    831.600    typical 
OAI2BB2XL         50   1164.240    typical 
OAI31XL            8    159.667    typical 
OAI32XL            7    162.994    typical 
OR2X1             75    997.920    typical 
OR3XL              1     16.632    typical 
OR4X1              8    159.667    typical 
SDFFRHQX1          1     83.160    typical 
XOR2X1             1     26.611    typical 
XOR2XL             3     79.834    typical 
-------------------------------------------
total           2823  69900.971            


                                          
     Type      Instances    Area   Area % 
------------------------------------------
sequential            25  1759.666    2.5 
inverter             281  1869.437    2.7 
logic               2517 66271.868   94.8 
physical_cells         0     0.000    0.0 
------------------------------------------
total               2823 69900.971  100.0 

