============================================================
  Generated by:           Genus(TM) Synthesis Solution 21.10-p002_1
  Generated on:           Aug 06 2026  05:50:55 pm
  Module:                 freq_diff_estimator
  Operating conditions:   typical (balanced_tree)
  Wireload mode:          enclosed
  Area mode:              timing library
============================================================


Path 1: MET (7628779 ps) Setup Check with Pin epsilon_RO_reg[23]/CK->D
          Group: clk
     Startpoint: (R) epsilon_RO_reg[23]/CK
          Clock: (R) clk
       Endpoint: (F) epsilon_RO_reg[23]/D
          Clock: (R) clk

                      Capture       Launch     
        Clock Edge:+  7629394            0     
       Src Latency:+        0            0     
       Net Latency:+        0 (I)        0 (I) 
           Arrival:=  7629394            0     
                                               
             Setup:-      450                  
     Required Time:=  7628945                  
      Launch Clock:-        0                  
         Data Path:-      166                  
             Slack:=  7628779                  

#----------------------------------------------------------------------------------------------
#     Timing Point      Flags   Arc   Edge   Cell     Fanout Load Trans Delay Arrival Instance 
#                                                            (fF)  (ps)  (ps)   (ps)  Location 
#----------------------------------------------------------------------------------------------
  epsilon_RO_reg[23]/CK -       -     R     (arrival)     25    -     0     0       0    (-,-) 
  epsilon_RO_reg[23]/Q  -       CK->Q F     SDFFRHQX1      2  1.9    50   166     166    (-,-) 
  epsilon_RO_reg[23]/D  -       -     F     SDFFRHQX1      2    -     -     0     166    (-,-) 
#----------------------------------------------------------------------------------------------



Path 2: MET (7628820 ps) Setup Check with Pin epsilon_RO_reg[22]/CK->D
          Group: clk
     Startpoint: (R) epsilon_RO_reg[22]/CK
          Clock: (R) clk
       Endpoint: (F) epsilon_RO_reg[22]/D
          Clock: (R) clk

                      Capture       Launch     
        Clock Edge:+  7629394            0     
       Src Latency:+        0            0     
       Net Latency:+        0 (I)        0 (I) 
           Arrival:=  7629394            0     
                                               
             Setup:-      243                  
     Required Time:=  7629151                  
      Launch Clock:-        0                  
         Data Path:-      332                  
             Slack:=  7628820                  

#----------------------------------------------------------------------------------------------
#     Timing Point      Flags   Arc   Edge   Cell     Fanout Load Trans Delay Arrival Instance 
#                                                            (fF)  (ps)  (ps)   (ps)  Location 
#----------------------------------------------------------------------------------------------
  epsilon_RO_reg[22]/CK -       -     R     (arrival)     25    -     0     0       0    (-,-) 
  epsilon_RO_reg[22]/Q  -       CK->Q F     DFFRHQX1       2  4.4    61   172     172    (-,-) 
  g2910__6161/Y         -       B0->Y R     AOI22X1        1  3.2   188   124     296    (-,-) 
  g2885__2883/Y         -       A->Y  F     NAND2XL        1  1.9   173    35     332    (-,-) 
  epsilon_RO_reg[22]/D  -       -     F     DFFRHQX1       1    -     -     0     332    (-,-) 
#----------------------------------------------------------------------------------------------



Path 3: MET (7628820 ps) Setup Check with Pin epsilon_RO_reg[21]/CK->D
          Group: clk
     Startpoint: (R) epsilon_RO_reg[21]/CK
          Clock: (R) clk
       Endpoint: (F) epsilon_RO_reg[21]/D
          Clock: (R) clk

                      Capture       Launch     
        Clock Edge:+  7629394            0     
       Src Latency:+        0            0     
       Net Latency:+        0 (I)        0 (I) 
           Arrival:=  7629394            0     
                                               
             Setup:-      243                  
     Required Time:=  7629151                  
      Launch Clock:-        0                  
         Data Path:-      332                  
             Slack:=  7628820                  

#----------------------------------------------------------------------------------------------
#     Timing Point      Flags   Arc   Edge   Cell     Fanout Load Trans Delay Arrival Instance 
#                                                            (fF)  (ps)  (ps)   (ps)  Location 
#----------------------------------------------------------------------------------------------
  epsilon_RO_reg[21]/CK -       -     R     (arrival)     25    -     0     0       0    (-,-) 
  epsilon_RO_reg[21]/Q  -       CK->Q F     DFFRHQX1       2  4.4    61   172     172    (-,-) 
  g2909__4733/Y         -       B0->Y R     AOI22X1        1  3.2   188   124     296    (-,-) 
  g2884__9945/Y         -       A->Y  F     NAND2XL        1  1.9   173    35     332    (-,-) 
  epsilon_RO_reg[21]/D  -       -     F     DFFRHQX1       1    -     -     0     332    (-,-) 
#----------------------------------------------------------------------------------------------



Path 4: MET (7628820 ps) Setup Check with Pin epsilon_RO_reg[20]/CK->D
          Group: clk
     Startpoint: (R) epsilon_RO_reg[20]/CK
          Clock: (R) clk
       Endpoint: (F) epsilon_RO_reg[20]/D
          Clock: (R) clk

                      Capture       Launch     
        Clock Edge:+  7629394            0     
       Src Latency:+        0            0     
       Net Latency:+        0 (I)        0 (I) 
           Arrival:=  7629394            0     
                                               
             Setup:-      243                  
     Required Time:=  7629151                  
      Launch Clock:-        0                  
         Data Path:-      332                  
             Slack:=  7628820                  

#----------------------------------------------------------------------------------------------
#     Timing Point      Flags   Arc   Edge   Cell     Fanout Load Trans Delay Arrival Instance 
#                                                            (fF)  (ps)  (ps)   (ps)  Location 
#----------------------------------------------------------------------------------------------
  epsilon_RO_reg[20]/CK -       -     R     (arrival)     25    -     0     0       0    (-,-) 
  epsilon_RO_reg[20]/Q  -       CK->Q F     DFFRHQX1       2  4.4    61   172     172    (-,-) 
  g2908__7482/Y         -       B0->Y R     AOI22X1        1  3.2   188   124     296    (-,-) 
  g2882__6161/Y         -       A->Y  F     NAND2XL        1  1.9   173    35     332    (-,-) 
  epsilon_RO_reg[20]/D  -       -     F     DFFRHQX1       1    -     -     0     332    (-,-) 
#----------------------------------------------------------------------------------------------



Path 5: MET (7628820 ps) Setup Check with Pin epsilon_RO_reg[19]/CK->D
          Group: clk
     Startpoint: (R) epsilon_RO_reg[19]/CK
          Clock: (R) clk
       Endpoint: (F) epsilon_RO_reg[19]/D
          Clock: (R) clk

                      Capture       Launch     
        Clock Edge:+  7629394            0     
       Src Latency:+        0            0     
       Net Latency:+        0 (I)        0 (I) 
           Arrival:=  7629394            0     
                                               
             Setup:-      243                  
     Required Time:=  7629151                  
      Launch Clock:-        0                  
         Data Path:-      332                  
             Slack:=  7628820                  

#----------------------------------------------------------------------------------------------
#     Timing Point      Flags   Arc   Edge   Cell     Fanout Load Trans Delay Arrival Instance 
#                                                            (fF)  (ps)  (ps)   (ps)  Location 
#----------------------------------------------------------------------------------------------
  epsilon_RO_reg[19]/CK -       -     R     (arrival)     25    -     0     0       0    (-,-) 
  epsilon_RO_reg[19]/Q  -       CK->Q F     DFFRHQX1       2  4.4    61   172     172    (-,-) 
  g2907__5115/Y         -       B0->Y R     AOI22X1        1  3.2   188   124     296    (-,-) 
  g2881__4733/Y         -       A->Y  F     NAND2XL        1  1.9   173    35     332    (-,-) 
  epsilon_RO_reg[19]/D  -       -     F     DFFRHQX1       1    -     -     0     332    (-,-) 
#----------------------------------------------------------------------------------------------



Path 6: MET (7628820 ps) Setup Check with Pin epsilon_RO_reg[18]/CK->D
          Group: clk
     Startpoint: (R) epsilon_RO_reg[18]/CK
          Clock: (R) clk
       Endpoint: (F) epsilon_RO_reg[18]/D
          Clock: (R) clk

                      Capture       Launch     
        Clock Edge:+  7629394            0     
       Src Latency:+        0            0     
       Net Latency:+        0 (I)        0 (I) 
           Arrival:=  7629394            0     
                                               
             Setup:-      243                  
     Required Time:=  7629151                  
      Launch Clock:-        0                  
         Data Path:-      332                  
             Slack:=  7628820                  

#----------------------------------------------------------------------------------------------
#     Timing Point      Flags   Arc   Edge   Cell     Fanout Load Trans Delay Arrival Instance 
#                                                            (fF)  (ps)  (ps)   (ps)  Location 
#----------------------------------------------------------------------------------------------
  epsilon_RO_reg[18]/CK -       -     R     (arrival)     25    -     0     0       0    (-,-) 
  epsilon_RO_reg[18]/Q  -       CK->Q F     DFFRHQX1       2  4.4    61   172     172    (-,-) 
  g2906__1881/Y         -       B0->Y R     AOI22X1        1  3.2   188   124     296    (-,-) 
  g2883__9315/Y         -       A->Y  F     NAND2XL        1  1.9   173    35     332    (-,-) 
  epsilon_RO_reg[18]/D  -       -     F     DFFRHQX1       1    -     -     0     332    (-,-) 
#----------------------------------------------------------------------------------------------



Path 7: MET (7628820 ps) Setup Check with Pin epsilon_RO_reg[17]/CK->D
          Group: clk
     Startpoint: (R) epsilon_RO_reg[17]/CK
          Clock: (R) clk
       Endpoint: (F) epsilon_RO_reg[17]/D
          Clock: (R) clk

                      Capture       Launch     
        Clock Edge:+  7629394            0     
       Src Latency:+        0            0     
       Net Latency:+        0 (I)        0 (I) 
           Arrival:=  7629394            0     
                                               
             Setup:-      243                  
     Required Time:=  7629151                  
      Launch Clock:-        0                  
         Data Path:-      332                  
             Slack:=  7628820                  

#----------------------------------------------------------------------------------------------
#     Timing Point      Flags   Arc   Edge   Cell     Fanout Load Trans Delay Arrival Instance 
#                                                            (fF)  (ps)  (ps)   (ps)  Location 
#----------------------------------------------------------------------------------------------
  epsilon_RO_reg[17]/CK -       -     R     (arrival)     25    -     0     0       0    (-,-) 
  epsilon_RO_reg[17]/Q  -       CK->Q F     DFFRHQX1       2  4.4    61   172     172    (-,-) 
  g2899__1617/Y         -       B0->Y R     AOI22X1        1  3.2   188   124     296    (-,-) 
  g2874__5122/Y         -       A->Y  F     NAND2XL        1  1.9   173    35     332    (-,-) 
  epsilon_RO_reg[17]/D  -       -     F     DFFRHQX1       1    -     -     0     332    (-,-) 
#----------------------------------------------------------------------------------------------



Path 8: MET (7628820 ps) Setup Check with Pin epsilon_RO_reg[16]/CK->D
          Group: clk
     Startpoint: (R) epsilon_RO_reg[16]/CK
          Clock: (R) clk
       Endpoint: (F) epsilon_RO_reg[16]/D
          Clock: (R) clk

                      Capture       Launch     
        Clock Edge:+  7629394            0     
       Src Latency:+        0            0     
       Net Latency:+        0 (I)        0 (I) 
           Arrival:=  7629394            0     
                                               
             Setup:-      243                  
     Required Time:=  7629151                  
      Launch Clock:-        0                  
         Data Path:-      332                  
             Slack:=  7628820                  

#----------------------------------------------------------------------------------------------
#     Timing Point      Flags   Arc   Edge   Cell     Fanout Load Trans Delay Arrival Instance 
#                                                            (fF)  (ps)  (ps)   (ps)  Location 
#----------------------------------------------------------------------------------------------
  epsilon_RO_reg[16]/CK -       -     R     (arrival)     25    -     0     0       0    (-,-) 
  epsilon_RO_reg[16]/Q  -       CK->Q F     DFFRHQX1       2  4.4    61   172     172    (-,-) 
  g2904__7098/Y         -       B0->Y R     AOI22X1        1  3.2   188   124     296    (-,-) 
  g2879__5115/Y         -       A->Y  F     NAND2XL        1  1.9   173    35     332    (-,-) 
  epsilon_RO_reg[16]/D  -       -     F     DFFRHQX1       1    -     -     0     332    (-,-) 
#----------------------------------------------------------------------------------------------



Path 9: MET (7628820 ps) Setup Check with Pin epsilon_RO_reg[15]/CK->D
          Group: clk
     Startpoint: (R) epsilon_RO_reg[15]/CK
          Clock: (R) clk
       Endpoint: (F) epsilon_RO_reg[15]/D
          Clock: (R) clk

                      Capture       Launch     
        Clock Edge:+  7629394            0     
       Src Latency:+        0            0     
       Net Latency:+        0 (I)        0 (I) 
           Arrival:=  7629394            0     
                                               
             Setup:-      243                  
     Required Time:=  7629151                  
      Launch Clock:-        0                  
         Data Path:-      332                  
             Slack:=  7628820                  

#----------------------------------------------------------------------------------------------
#     Timing Point      Flags   Arc   Edge   Cell     Fanout Load Trans Delay Arrival Instance 
#                                                            (fF)  (ps)  (ps)   (ps)  Location 
#----------------------------------------------------------------------------------------------
  epsilon_RO_reg[15]/CK -       -     R     (arrival)     25    -     0     0       0    (-,-) 
  epsilon_RO_reg[15]/Q  -       CK->Q F     DFFRHQX1       2  4.4    61   172     172    (-,-) 
  g2903__8246/Y         -       B0->Y R     AOI22X1        1  3.2   188   124     296    (-,-) 
  g2878__1881/Y         -       A->Y  F     NAND2XL        1  1.9   173    35     332    (-,-) 
  epsilon_RO_reg[15]/D  -       -     F     DFFRHQX1       1    -     -     0     332    (-,-) 
#----------------------------------------------------------------------------------------------



Path 10: MET (7628820 ps) Setup Check with Pin epsilon_RO_reg[14]/CK->D
          Group: clk
     Startpoint: (R) epsilon_RO_reg[14]/CK
          Clock: (R) clk
       Endpoint: (F) epsilon_RO_reg[14]/D
          Clock: (R) clk

                      Capture       Launch     
        Clock Edge:+  7629394            0     
       Src Latency:+        0            0     
       Net Latency:+        0 (I)        0 (I) 
           Arrival:=  7629394            0     
                                               
             Setup:-      243                  
     Required Time:=  7629151                  
      Launch Clock:-        0                  
         Data Path:-      332                  
             Slack:=  7628820                  

#----------------------------------------------------------------------------------------------
#     Timing Point      Flags   Arc   Edge   Cell     Fanout Load Trans Delay Arrival Instance 
#                                                            (fF)  (ps)  (ps)   (ps)  Location 
#----------------------------------------------------------------------------------------------
  epsilon_RO_reg[14]/CK -       -     R     (arrival)     25    -     0     0       0    (-,-) 
  epsilon_RO_reg[14]/Q  -       CK->Q F     DFFRHQX1       2  4.4    61   172     172    (-,-) 
  g2902__5122/Y         -       B0->Y R     AOI22X1        1  3.2   188   124     296    (-,-) 
  g2877__6131/Y         -       A->Y  F     NAND2XL        1  1.9   173    35     332    (-,-) 
  epsilon_RO_reg[14]/D  -       -     F     DFFRHQX1       1    -     -     0     332    (-,-) 
#----------------------------------------------------------------------------------------------



Path 11: MET (7628820 ps) Setup Check with Pin epsilon_RO_reg[13]/CK->D
          Group: clk
     Startpoint: (R) epsilon_RO_reg[13]/CK
          Clock: (R) clk
       Endpoint: (F) epsilon_RO_reg[13]/D
          Clock: (R) clk

                      Capture       Launch     
        Clock Edge:+  7629394            0     
       Src Latency:+        0            0     
       Net Latency:+        0 (I)        0 (I) 
           Arrival:=  7629394            0     
                                               
             Setup:-      243                  
     Required Time:=  7629151                  
      Launch Clock:-        0                  
         Data Path:-      332                  
             Slack:=  7628820                  

#----------------------------------------------------------------------------------------------
#     Timing Point      Flags   Arc   Edge   Cell     Fanout Load Trans Delay Arrival Instance 
#                                                            (fF)  (ps)  (ps)   (ps)  Location 
#----------------------------------------------------------------------------------------------
  epsilon_RO_reg[13]/CK -       -     R     (arrival)     25    -     0     0       0    (-,-) 
  epsilon_RO_reg[13]/Q  -       CK->Q F     DFFRHQX1       2  4.4    61   172     172    (-,-) 
  g2901__1705/Y         -       B0->Y R     AOI22X1        1  3.2   188   124     296    (-,-) 
  g2875__8246/Y         -       A->Y  F     NAND2XL        1  1.9   173    35     332    (-,-) 
  epsilon_RO_reg[13]/D  -       -     F     DFFRHQX1       1    -     -     0     332    (-,-) 
#----------------------------------------------------------------------------------------------



Path 12: MET (7628820 ps) Setup Check with Pin epsilon_RO_reg[12]/CK->D
          Group: clk
     Startpoint: (R) epsilon_RO_reg[12]/CK
          Clock: (R) clk
       Endpoint: (F) epsilon_RO_reg[12]/D
          Clock: (R) clk

                      Capture       Launch     
        Clock Edge:+  7629394            0     
       Src Latency:+        0            0     
       Net Latency:+        0 (I)        0 (I) 
           Arrival:=  7629394            0     
                                               
             Setup:-      243                  
     Required Time:=  7629151                  
      Launch Clock:-        0                  
         Data Path:-      332                  
             Slack:=  7628820                  

#----------------------------------------------------------------------------------------------
#     Timing Point      Flags   Arc   Edge   Cell     Fanout Load Trans Delay Arrival Instance 
#                                                            (fF)  (ps)  (ps)   (ps)  Location 
#----------------------------------------------------------------------------------------------
  epsilon_RO_reg[12]/CK -       -     R     (arrival)     25    -     0     0       0    (-,-) 
  epsilon_RO_reg[12]/Q  -       CK->Q F     DFFRHQX1       2  4.4    61   172     172    (-,-) 
  g2900__2802/Y         -       B0->Y R     AOI22X1        1  3.2   188   124     296    (-,-) 
  g2876__7098/Y         -       A->Y  F     NAND2XL        1  1.9   173    35     332    (-,-) 
  epsilon_RO_reg[12]/D  -       -     F     DFFRHQX1       1    -     -     0     332    (-,-) 
#----------------------------------------------------------------------------------------------



Path 13: MET (7628820 ps) Setup Check with Pin epsilon_RO_reg[11]/CK->D
          Group: clk
     Startpoint: (R) epsilon_RO_reg[11]/CK
          Clock: (R) clk
       Endpoint: (F) epsilon_RO_reg[11]/D
          Clock: (R) clk

                      Capture       Launch     
        Clock Edge:+  7629394            0     
       Src Latency:+        0            0     
       Net Latency:+        0 (I)        0 (I) 
           Arrival:=  7629394            0     
                                               
             Setup:-      243                  
     Required Time:=  7629151                  
      Launch Clock:-        0                  
         Data Path:-      332                  
             Slack:=  7628820                  

#----------------------------------------------------------------------------------------------
#     Timing Point      Flags   Arc   Edge   Cell     Fanout Load Trans Delay Arrival Instance 
#                                                            (fF)  (ps)  (ps)   (ps)  Location 
#----------------------------------------------------------------------------------------------
  epsilon_RO_reg[11]/CK -       -     R     (arrival)     25    -     0     0       0    (-,-) 
  epsilon_RO_reg[11]/Q  -       CK->Q F     DFFRHQX1       2  4.4    61   172     172    (-,-) 
  g2898__3680/Y         -       B0->Y R     AOI22X1        1  3.2   188   124     296    (-,-) 
  g2880__7482/Y         -       A->Y  F     NAND2XL        1  1.9   173    35     332    (-,-) 
  epsilon_RO_reg[11]/D  -       -     F     DFFRHQX1       1    -     -     0     332    (-,-) 
#----------------------------------------------------------------------------------------------



Path 14: MET (7628820 ps) Setup Check with Pin epsilon_RO_reg[10]/CK->D
          Group: clk
     Startpoint: (R) epsilon_RO_reg[10]/CK
          Clock: (R) clk
       Endpoint: (F) epsilon_RO_reg[10]/D
          Clock: (R) clk

                      Capture       Launch     
        Clock Edge:+  7629394            0     
       Src Latency:+        0            0     
       Net Latency:+        0 (I)        0 (I) 
           Arrival:=  7629394            0     
                                               
             Setup:-      243                  
     Required Time:=  7629151                  
      Launch Clock:-        0                  
         Data Path:-      332                  
             Slack:=  7628820                  

#----------------------------------------------------------------------------------------------
#     Timing Point      Flags   Arc   Edge   Cell     Fanout Load Trans Delay Arrival Instance 
#                                                            (fF)  (ps)  (ps)   (ps)  Location 
#----------------------------------------------------------------------------------------------
  epsilon_RO_reg[10]/CK -       -     R     (arrival)     25    -     0     0       0    (-,-) 
  epsilon_RO_reg[10]/Q  -       CK->Q F     DFFRHQX1       2  4.4    61   172     172    (-,-) 
  g2897__6783/Y         -       B0->Y R     AOI22X1        1  3.2   188   124     296    (-,-) 
  g2873__1705/Y         -       A->Y  F     NAND2XL        1  1.9   173    35     332    (-,-) 
  epsilon_RO_reg[10]/D  -       -     F     DFFRHQX1       1    -     -     0     332    (-,-) 
#----------------------------------------------------------------------------------------------



Path 15: MET (7628820 ps) Setup Check with Pin epsilon_RO_reg[9]/CK->D
          Group: clk
     Startpoint: (R) epsilon_RO_reg[9]/CK
          Clock: (R) clk
       Endpoint: (F) epsilon_RO_reg[9]/D
          Clock: (R) clk

                      Capture       Launch     
        Clock Edge:+  7629394            0     
       Src Latency:+        0            0     
       Net Latency:+        0 (I)        0 (I) 
           Arrival:=  7629394            0     
                                               
             Setup:-      243                  
     Required Time:=  7629151                  
      Launch Clock:-        0                  
         Data Path:-      332                  
             Slack:=  7628820                  

#---------------------------------------------------------------------------------------------
#    Timing Point      Flags   Arc   Edge   Cell     Fanout Load Trans Delay Arrival Instance 
#                                                           (fF)  (ps)  (ps)   (ps)  Location 
#---------------------------------------------------------------------------------------------
  epsilon_RO_reg[9]/CK -       -     R     (arrival)     25    -     0     0       0    (-,-) 
  epsilon_RO_reg[9]/Q  -       CK->Q F     DFFRHQX1       2  4.4    61   172     172    (-,-) 
  g2896__5526/Y        -       B0->Y R     AOI22X1        1  3.2   188   124     296    (-,-) 
  g2872__2802/Y        -       A->Y  F     NAND2XL        1  1.9   173    35     332    (-,-) 
  epsilon_RO_reg[9]/D  -       -     F     DFFRHQX1       1    -     -     0     332    (-,-) 
#---------------------------------------------------------------------------------------------



Path 16: MET (7628820 ps) Setup Check with Pin epsilon_RO_reg[8]/CK->D
          Group: clk
     Startpoint: (R) epsilon_RO_reg[8]/CK
          Clock: (R) clk
       Endpoint: (F) epsilon_RO_reg[8]/D
          Clock: (R) clk

                      Capture       Launch     
        Clock Edge:+  7629394            0     
       Src Latency:+        0            0     
       Net Latency:+        0 (I)        0 (I) 
           Arrival:=  7629394            0     
                                               
             Setup:-      243                  
     Required Time:=  7629151                  
      Launch Clock:-        0                  
         Data Path:-      332                  
             Slack:=  7628820                  

#---------------------------------------------------------------------------------------------
#    Timing Point      Flags   Arc   Edge   Cell     Fanout Load Trans Delay Arrival Instance 
#                                                           (fF)  (ps)  (ps)   (ps)  Location 
#---------------------------------------------------------------------------------------------
  epsilon_RO_reg[8]/CK -       -     R     (arrival)     25    -     0     0       0    (-,-) 
  epsilon_RO_reg[8]/Q  -       CK->Q F     DFFRHQX1       2  4.4    61   172     172    (-,-) 
  g2895__8428/Y        -       B0->Y R     AOI22X1        1  3.2   188   124     296    (-,-) 
  g2871__1617/Y        -       A->Y  F     NAND2XL        1  1.9   173    35     332    (-,-) 
  epsilon_RO_reg[8]/D  -       -     F     DFFRHQX1       1    -     -     0     332    (-,-) 
#---------------------------------------------------------------------------------------------



Path 17: MET (7628820 ps) Setup Check with Pin epsilon_RO_reg[7]/CK->D
          Group: clk
     Startpoint: (R) epsilon_RO_reg[7]/CK
          Clock: (R) clk
       Endpoint: (F) epsilon_RO_reg[7]/D
          Clock: (R) clk

                      Capture       Launch     
        Clock Edge:+  7629394            0     
       Src Latency:+        0            0     
       Net Latency:+        0 (I)        0 (I) 
           Arrival:=  7629394            0     
                                               
             Setup:-      243                  
     Required Time:=  7629151                  
      Launch Clock:-        0                  
         Data Path:-      332                  
             Slack:=  7628820                  

#---------------------------------------------------------------------------------------------
#    Timing Point      Flags   Arc   Edge   Cell     Fanout Load Trans Delay Arrival Instance 
#                                                           (fF)  (ps)  (ps)   (ps)  Location 
#---------------------------------------------------------------------------------------------
  epsilon_RO_reg[7]/CK -       -     R     (arrival)     25    -     0     0       0    (-,-) 
  epsilon_RO_reg[7]/Q  -       CK->Q F     DFFRHQX1       2  4.4    61   172     172    (-,-) 
  g2894__4319/Y        -       B0->Y R     AOI22X1        1  3.2   188   124     296    (-,-) 
  g2869__6783/Y        -       A->Y  F     NAND2XL        1  1.9   173    35     332    (-,-) 
  epsilon_RO_reg[7]/D  -       -     F     DFFRHQX1       1    -     -     0     332    (-,-) 
#---------------------------------------------------------------------------------------------



Path 18: MET (7628820 ps) Setup Check with Pin epsilon_RO_reg[6]/CK->D
          Group: clk
     Startpoint: (R) epsilon_RO_reg[6]/CK
          Clock: (R) clk
       Endpoint: (F) epsilon_RO_reg[6]/D
          Clock: (R) clk

                      Capture       Launch     
        Clock Edge:+  7629394            0     
       Src Latency:+        0            0     
       Net Latency:+        0 (I)        0 (I) 
           Arrival:=  7629394            0     
                                               
             Setup:-      243                  
     Required Time:=  7629151                  
      Launch Clock:-        0                  
         Data Path:-      332                  
             Slack:=  7628820                  

#---------------------------------------------------------------------------------------------
#    Timing Point      Flags   Arc   Edge   Cell     Fanout Load Trans Delay Arrival Instance 
#                                                           (fF)  (ps)  (ps)   (ps)  Location 
#---------------------------------------------------------------------------------------------
  epsilon_RO_reg[6]/CK -       -     R     (arrival)     25    -     0     0       0    (-,-) 
  epsilon_RO_reg[6]/Q  -       CK->Q F     DFFRHQX1       2  4.4    61   172     172    (-,-) 
  g2888__7410/Y        -       B0->Y R     AOI22X1        1  3.2   188   124     296    (-,-) 
  g2870__3680/Y        -       A->Y  F     NAND2XL        1  1.9   173    35     332    (-,-) 
  epsilon_RO_reg[6]/D  -       -     F     DFFRHQX1       1    -     -     0     332    (-,-) 
#---------------------------------------------------------------------------------------------



Path 19: MET (7628820 ps) Setup Check with Pin epsilon_RO_reg[5]/CK->D
          Group: clk
     Startpoint: (R) epsilon_RO_reg[5]/CK
          Clock: (R) clk
       Endpoint: (F) epsilon_RO_reg[5]/D
          Clock: (R) clk

                      Capture       Launch     
        Clock Edge:+  7629394            0     
       Src Latency:+        0            0     
       Net Latency:+        0 (I)        0 (I) 
           Arrival:=  7629394            0     
                                               
             Setup:-      243                  
     Required Time:=  7629151                  
      Launch Clock:-        0                  
         Data Path:-      332                  
             Slack:=  7628820                  

#---------------------------------------------------------------------------------------------
#    Timing Point      Flags   Arc   Edge   Cell     Fanout Load Trans Delay Arrival Instance 
#                                                           (fF)  (ps)  (ps)   (ps)  Location 
#---------------------------------------------------------------------------------------------
  epsilon_RO_reg[5]/CK -       -     R     (arrival)     25    -     0     0       0    (-,-) 
  epsilon_RO_reg[5]/Q  -       CK->Q F     DFFRHQX1       2  4.4    61   172     172    (-,-) 
  g2892__5107/Y        -       B0->Y R     AOI22X1        1  3.2   188   124     296    (-,-) 
  g2863__2398/Y        -       A->Y  F     NAND2XL        1  1.9   173    35     332    (-,-) 
  epsilon_RO_reg[5]/D  -       -     F     DFFRHQX1       1    -     -     0     332    (-,-) 
#---------------------------------------------------------------------------------------------



Path 20: MET (7628820 ps) Setup Check with Pin epsilon_RO_reg[4]/CK->D
          Group: clk
     Startpoint: (R) epsilon_RO_reg[4]/CK
          Clock: (R) clk
       Endpoint: (F) epsilon_RO_reg[4]/D
          Clock: (R) clk

                      Capture       Launch     
        Clock Edge:+  7629394            0     
       Src Latency:+        0            0     
       Net Latency:+        0 (I)        0 (I) 
           Arrival:=  7629394            0     
                                               
             Setup:-      243                  
     Required Time:=  7629151                  
      Launch Clock:-        0                  
         Data Path:-      332                  
             Slack:=  7628820                  

#---------------------------------------------------------------------------------------------
#    Timing Point      Flags   Arc   Edge   Cell     Fanout Load Trans Delay Arrival Instance 
#                                                           (fF)  (ps)  (ps)   (ps)  Location 
#---------------------------------------------------------------------------------------------
  epsilon_RO_reg[4]/CK -       -     R     (arrival)     25    -     0     0       0    (-,-) 
  epsilon_RO_reg[4]/Q  -       CK->Q F     DFFRHQX1       2  4.4    61   172     172    (-,-) 
  g2891__2398/Y        -       B0->Y R     AOI22X1        1  3.2   188   124     296    (-,-) 
  g2866__4319/Y        -       A->Y  F     NAND2XL        1  1.9   173    35     332    (-,-) 
  epsilon_RO_reg[4]/D  -       -     F     DFFRHQX1       1    -     -     0     332    (-,-) 
#---------------------------------------------------------------------------------------------

